AR tetrix behavioral C:/Users/David/Desktop/VGA/Tetrix_Proyecto_Final/Tetris/tetrix.vhd sub00/vhpl17 1561833493
AR display behavioral C:/Users/David/Desktop/VGA/Tetrix_Proyecto_Final/Tetris/display.vhd sub00/vhpl09 1561833485
EN display NULL C:/Users/David/Desktop/VGA/Tetrix_Proyecto_Final/Tetris/display.vhd sub00/vhpl08 1561833484
AR score behavioral C:/Users/David/Desktop/VGA/Tetrix_Proyecto_Final/Tetris/score.vhd sub00/vhpl13 1561833489
AR text_display behavioral C:/Users/David/Desktop/VGA/Tetrix_Proyecto_Final/Tetris/text_display.vhd sub00/vhpl11 1561833487
AR vga behavioral C:/Users/David/Desktop/VGA/Tetrix_Proyecto_Final/Tetris/vga.vhd sub00/vhpl03 1561833479
EN counters NULL C:/Users/David/Desktop/VGA/Tetrix_Proyecto_Final/Tetris/counters.vhd sub00/vhpl00 1561833476
AR keyboardvhdl behavioral C:/Users/David/Desktop/VGA/Tetrix_Proyecto_Final/Tetris/kb2vhdl.vhd sub00/vhpl05 1561833481
EN text_display NULL C:/Users/David/Desktop/VGA/Tetrix_Proyecto_Final/Tetris/text_display.vhd sub00/vhpl10 1561833486
EN score NULL C:/Users/David/Desktop/VGA/Tetrix_Proyecto_Final/Tetris/score.vhd sub00/vhpl12 1561833488
AR gamecontrol behavioral C:/Users/David/Desktop/VGA/Tetrix_Proyecto_Final/Tetris/gamecontrol.vhd sub00/vhpl15 1561833491
EN vga NULL C:/Users/David/Desktop/VGA/Tetrix_Proyecto_Final/Tetris/vga.vhd sub00/vhpl02 1561833478
EN kbfilter NULL C:/Users/David/Desktop/VGA/Tetrix_Proyecto_Final/Tetris/kbfilter.vhd sub00/vhpl06 1561833482
EN tetrix NULL C:/Users/David/Desktop/VGA/Tetrix_Proyecto_Final/Tetris/tetrix.vhd sub00/vhpl16 1561833492
AR counters behavioral C:/Users/David/Desktop/VGA/Tetrix_Proyecto_Final/Tetris/counters.vhd sub00/vhpl01 1561833477
AR kbfilter behavioral C:/Users/David/Desktop/VGA/Tetrix_Proyecto_Final/Tetris/kbfilter.vhd sub00/vhpl07 1561833483
EN gamecontrol NULL C:/Users/David/Desktop/VGA/Tetrix_Proyecto_Final/Tetris/gamecontrol.vhd sub00/vhpl14 1561833490
EN keyboardvhdl NULL C:/Users/David/Desktop/VGA/Tetrix_Proyecto_Final/Tetris/kb2vhdl.vhd sub00/vhpl04 1561833480
